15:00:12  [INFO]  =======================================================
15:00:12  [INFO]    Vital Monitor — Fog Ingestion Service
15:00:12  [INFO]  =======================================================
15:00:12  [INFO]  Database initialised at: ../patient_vitals.db
15:00:12  [INFO]  [MQTT] Connecting to broker.hivemq.com:1883...
15:00:13  [INFO]  [System] Listening for data... (Ctrl+C to stop)

15:01:41  [INFO]  =======================================================
15:01:41  [INFO]    Vital Monitor — Fog Ingestion Service
15:01:41  [INFO]  =======================================================
15:01:41  [INFO]  Database initialised at: ../patient_vitals.db
15:01:41  [INFO]  [MQTT] Connecting to broker.hivemq.com:1883...
15:01:42  [INFO]  [System] Listening for data... (Ctrl+C to stop)

15:02:42  [INFO]  =======================================================
15:02:42  [INFO]    Vital Monitor — Fog Ingestion Service
15:02:42  [INFO]  =======================================================
15:02:42  [INFO]  Database initialised at: ../patient_vitals.db
15:02:42  [INFO]  [MQTT] Connecting to broker.hivemq.com:1883...
15:02:43  [INFO]  [System] Listening for data... (Ctrl+C to stop)

15:03:25  [INFO]  =======================================================
15:03:25  [INFO]    Vital Monitor — Fog Ingestion Service
15:03:25  [INFO]  =======================================================
15:03:25  [INFO]  Database initialised at: ../patient_vitals.db
15:03:25  [INFO]  [MQTT] Connecting to broker.hivemq.com:1883...
15:03:27  [INFO]  [System] Listening for data... (Ctrl+C to stop)

15:03:34  [INFO]  [MQTT] Connected successfully
15:03:34  [INFO]  [MQTT] Subscribed to: vitals/patient01
15:03:35  [INFO]  [STATUS] Device is: online
15:04:17  [INFO]  =======================================================
15:04:17  [INFO]    Vital Monitor — Fog Ingestion Service
15:04:17  [INFO]  =======================================================
15:04:17  [INFO]  Database initialised at: ../patient_vitals.db
15:04:17  [INFO]  [MQTT] Connecting to broker.hivemq.com:1883...
15:04:17  [INFO]  [System] Listening for data... (Ctrl+C to stop)

15:04:17  [INFO]  [MQTT] Connected successfully
15:04:17  [INFO]  [MQTT] Subscribed to: vitals/patient01
15:04:18  [INFO]  [STATUS] Device is: online
15:07:26  [INFO]  
[System] Shutting down gracefully...
15:09:48  [INFO]  =======================================================
15:09:48  [INFO]    Vital Monitor — Fog Ingestion Service
15:09:48  [INFO]  =======================================================
15:09:48  [INFO]  Database initialised at: ../patient_vitals.db
15:09:48  [INFO]  [MQTT] Connecting to broker.hivemq.com:1883...
15:09:49  [INFO]  [System] Listening for data... (Ctrl+C to stop)

15:09:49  [INFO]  [MQTT] Connected successfully
15:09:49  [INFO]  [MQTT] Subscribed to: vitals/patient01
15:09:50  [INFO]  [STATUS] Device is: online
15:09:52  [WARNING]  SpO2 55% outside sanity range [70-100] — rejected
15:10:54  [INFO]  
[System] Shutting down gracefully...
15:18:11  [INFO]  =======================================================
15:18:11  [INFO]    Vital Monitor — Fog Ingestion Service
15:18:11  [INFO]  =======================================================
15:18:11  [INFO]  Database initialised at: C:\Users\Saqib\OneDrive\Desktop\VitalTracker\fog\ingestion\..\..\data\patient_vitals.db
15:18:11  [INFO]  [MQTT] Connecting to broker.hivemq.com:1883...
15:18:11  [INFO]  [System] Listening for data... (Ctrl+C to stop)

15:18:11  [INFO]  [MQTT] Connected successfully
15:18:11  [INFO]  [MQTT] Subscribed to: vitals/patient01
15:18:12  [INFO]  [STATUS] Device is: online
15:19:04  [WARNING]  HR 250 bpm outside sanity range [30-220] — rejected
15:19:52  [INFO]  
[System] Shutting down gracefully...
